00:00 +0: loading /Users/vdnih/projects/my_career_app/test/features/timeline/logic/timeline_events_provider_test.dart                                                                                  00:00 +0 -1: loading /Users/vdnih/projects/my_career_app/test/features/timeline/presentation/timeline_screen_test.dart [E]                                                                             
  Failed to load "/Users/vdnih/projects/my_career_app/test/features/timeline/presentation/timeline_screen_test.dart":
  Compilation failed for testPath=/Users/vdnih/projects/my_career_app/test/features/timeline/presentation/timeline_screen_test.dart: test/features/timeline/presentation/timeline_screen_test.dart:17:64: Error: A value of type 'AsyncLoading<dynamic>' can't be returned from a function with return type 'TimelineEvents'.
   - 'AsyncLoading' is from 'package:riverpod/src/common.dart' ('../../.pub-cache/hosted/pub.dev/riverpod-2.6.1/lib/src/common.dart').
   - 'TimelineEvents' is from 'package:my_career_app/features/timeline/logic/timeline_events_provider.dart' ('lib/features/timeline/logic/timeline_events_provider.dart').
              timelineEventsProvider.overrideWith((ref) => const AsyncLoading()),
                                                                 ^
  test/features/timeline/presentation/timeline_screen_test.dart:17:49: Error: The argument type 'TimelineEvents Function(dynamic)' can't be assigned to the parameter type 'TimelineEvents Function()'.
   - 'TimelineEvents' is from 'package:my_career_app/features/timeline/logic/timeline_events_provider.dart' ('lib/features/timeline/logic/timeline_events_provider.dart').
              timelineEventsProvider.overrideWith((ref) => const AsyncLoading()),
                                                  ^
  test/features/timeline/presentation/timeline_screen_test.dart:36:58: Error: A value of type 'AsyncData<List<CareerEvent>>' can't be returned from a function with return type 'TimelineEvents'.
   - 'AsyncData' is from 'package:riverpod/src/common.dart' ('../../.pub-cache/hosted/pub.dev/riverpod-2.6.1/lib/src/common.dart').
   - 'List' is from 'dart:core'.
   - 'CareerEvent' is from 'package:my_career_app/features/timeline/domain/career_event.dart' ('lib/features/timeline/domain/career_event.dart').
   - 'TimelineEvents' is from 'package:my_career_app/features/timeline/logic/timeline_events_provider.dart' ('lib/features/timeline/logic/timeline_events_provider.dart').
              timelineEventsProvider.overrideWith((ref) => AsyncData(mockEvents)),
                                                           ^
  test/features/timeline/presentation/timeline_screen_test.dart:36:49: Error: The argument type 'TimelineEvents Function(dynamic)' can't be assigned to the parameter type 'TimelineEvents Function()'.
   - 'TimelineEvents' is from 'package:my_career_app/features/timeline/logic/timeline_events_provider.dart' ('lib/features/timeline/logic/timeline_events_provider.dart').
              timelineEventsProvider.overrideWith((ref) => AsyncData(mockEvents)),
                                                  ^
  test/features/timeline/presentation/timeline_screen_test.dart:54:24: Error: A value of type 'AsyncError<dynamic>' can't be returned from a function with return type 'TimelineEvents'.
   - 'AsyncError' is from 'package:riverpod/src/common.dart' ('../../.pub-cache/hosted/pub.dev/riverpod-2.6.1/lib/src/common.dart').
   - 'TimelineEvents' is from 'package:my_career_app/features/timeline/logic/timeline_events_provider.dart' ('lib/features/timeline/logic/timeline_events_provider.dart').
                (ref) => AsyncError(exception, StackTrace.empty),
                         ^
  test/features/timeline/presentation/timeline_screen_test.dart:54:15: Error: The argument type 'TimelineEvents Function(dynamic)' can't be assigned to the parameter type 'TimelineEvents Function()'.
   - 'TimelineEvents' is from 'package:my_career_app/features/timeline/logic/timeline_events_provider.dart' ('lib/features/timeline/logic/timeline_events_provider.dart').
                (ref) => AsyncError(exception, StackTrace.empty),
                ^
  test/features/timeline/presentation/timeline_screen_test.dart:73:66: Error: A value of type 'AsyncData<List<dynamic>>' can't be returned from a function with return type 'TimelineEvents'.
   - 'AsyncData' is from 'package:riverpod/src/common.dart' ('../../.pub-cache/hosted/pub.dev/riverpod-2.6.1/lib/src/common.dart').
   - 'List' is from 'dart:core'.
   - 'TimelineEvents' is from 'package:my_career_app/features/timeline/logic/timeline_events_provider.dart' ('lib/features/timeline/logic/timeline_events_provider.dart').
                timelineEventsProvider.overrideWith((ref) => const AsyncData([])),
                                                                   ^
  test/features/timeline/presentation/timeline_screen_test.dart:73:51: Error: The argument type 'TimelineEvents Function(dynamic)' can't be assigned to the parameter type 'TimelineEvents Function()'.
   - 'TimelineEvents' is from 'package:my_career_app/features/timeline/logic/timeline_events_provider.dart' ('lib/features/timeline/logic/timeline_events_provider.dart').
                timelineEventsProvider.overrideWith((ref) => const AsyncData([])),
                                                    ^
  .

To run this test again: /Users/vdnih/development/flutter/bin/cache/dart-sdk/bin/dart test /Users/vdnih/projects/my_career_app/test/features/timeline/presentation/timeline_screen_test.dart -p vm --plain-name 'loading /Users/vdnih/projects/my_career_app/test/features/timeline/presentation/timeline_screen_test.dart'
00:00 +0 -2: loading /Users/vdnih/projects/my_career_app/test/features/timeline/logic/timeline_events_provider_test.dart [E]                                                                           
  Error: The Dart compiler exited unexpectedly.
  package:flutter_tools/src/base/common.dart 34:3  throwToolExit
  package:flutter_tools/src/compile.dart 911:11    DefaultResidentCompiler._compile.<fn>
  dart:async/zone.dart 1538:47                     _rootRunUnary
  dart:async/zone.dart 1429:19                     _CustomZone.runUnary
  dart:async/future_impl.dart 948:45               Future._propagateToListeners.handleValueCallback
  dart:async/future_impl.dart 977:13               Future._propagateToListeners
  dart:async/future_impl.dart 862:9                Future._propagateToListeners
  dart:async/future_impl.dart 720:5                Future._completeWithValue
  dart:async/future_impl.dart 804:7                Future._asyncCompleteWithValue.<fn>
  dart:async/zone.dart 1525:13                     _rootRun
  dart:async/zone.dart 1422:19                     _CustomZone.run
  dart:async/zone.dart 1321:7                      _CustomZone.runGuarded
  dart:async/zone.dart 1362:23                     _CustomZone.bindCallbackGuarded.<fn>
  dart:async/schedule_microtask.dart 40:35         _microtaskLoop
  dart:async/schedule_microtask.dart 49:5          _startMicrotaskLoop
  dart:isolate-patch/isolate_patch.dart 127:13     _runPendingImmediateCallback
  dart:isolate-patch/isolate_patch.dart 194:5      _RawReceivePort._handleMessage
  

To run this test again: /Users/vdnih/development/flutter/bin/cache/dart-sdk/bin/dart test /Users/vdnih/projects/my_career_app/test/features/timeline/logic/timeline_events_provider_test.dart -p vm --plain-name 'loading /Users/vdnih/projects/my_career_app/test/features/timeline/logic/timeline_events_provider_test.dart'
00:00 +0 -2: /Users/vdnih/projects/my_career_app/test/features/timeline/logic/timeline_events_provider_test.dart: (setUpAll)                                                                           00:00 +0 -2: ... TimelineEventsProvider の機能一覧（仕様） 初期状態: EventRepositoryからイベント一覧を取得し、AsyncDataとして状態を保持すること                                                                                              00:00 +1 -2: ... TimelineEventsProvider の機能一覧（仕様） 初期状態: EventRepositoryからイベント一覧を取得し、AsyncDataとして状態を保持すること                                                                                              00:00 +1 -2: ... TimelineEventsProvider の機能一覧（仕様） 追加成功: 新しいイベントを追加した際、AsyncLoadingを経て新しい一覧のAsyncDataに遷移すること                                                                                            00:00 +2 -2: ... TimelineEventsProvider の機能一覧（仕様） 追加成功: 新しいイベントを追加した際、AsyncLoadingを経て新しい一覧のAsyncDataに遷移すること                                                                                            00:00 +2 -2: ... TimelineEventsProvider の機能一覧（仕様） 削除成功: 既存のイベントを削除した際、AsyncLoadingを経て新しい一覧のAsyncDataに遷移すること                                                                                            00:00 +3 -2: ... TimelineEventsProvider の機能一覧（仕様） 削除成功: 既存のイベントを削除した際、AsyncLoadingを経て新しい一覧のAsyncDataに遷移すること                                                                                            00:00 +3 -2: ... TimelineEventsProvider の機能一覧（仕様） エラー発生時: EventRepositoryの処理が例外を投げた場合、状態がAsyncErrorに遷移すること                                                                                             00:00 +4 -2: ... TimelineEventsProvider の機能一覧（仕様） エラー発生時: EventRepositoryの処理が例外を投げた場合、状態がAsyncErrorに遷移すること                                                                                             00:00 +4 -2: /Users/vdnih/projects/my_career_app/test/features/timeline/logic/timeline_events_provider_test.dart: (tearDownAll)                                                                        00:00 +4 -2: loading /Users/vdnih/projects/my_career_app/test/features/timeline/data/event_repository_test.dart                                                                                        00:00 +4 -2: /Users/vdnih/projects/my_career_app/test/features/timeline/data/event_repository_test.dart: InMemoryEventRepository の機能一覧（仕様） 初期状態でサンプルのイベントリストを取得できること                                   00:00 +5 -2: /Users/vdnih/projects/my_career_app/test/features/timeline/data/event_repository_test.dart: InMemoryEventRepository の機能一覧（仕様） 初期状態でサンプルのイベントリストを取得できること                                   00:00 +6 -2: /Users/vdnih/projects/my_career_app/test/features/timeline/data/event_repository_test.dart: InMemoryEventRepository の機能一覧（仕様） 初期状態でサンプルのイベントリストを取得できること                                   00:00 +7 -2: /Users/vdnih/projects/my_career_app/test/features/timeline/data/event_repository_test.dart: InMemoryEventRepository の機能一覧（仕様） 初期状態でサンプルのイベントリストを取得できること                                   00:00 +8 -2: /Users/vdnih/projects/my_career_app/test/features/timeline/data/event_repository_test.dart: InMemoryEventRepository の機能一覧（仕様） 初期状態でサンプルのイベントリストを取得できること                                   00:01 +8 -2: /Users/vdnih/projects/my_career_app/test/features/timeline/data/event_repository_test.dart: InMemoryEventRepository の機能一覧（仕様） 初期状態でサンプルのイベントリストを取得できること                                   00:01 +9 -2: /Users/vdnih/projects/my_career_app/test/features/timeline/data/event_repository_test.dart: InMemoryEventRepository の機能一覧（仕様） 初期状態でサンプルのイベントリストを取得できること                                   00:01 +9 -2: /Users/vdnih/projects/my_career_app/test/features/timeline/data/event_repository_test.dart: InMemoryEventRepository の機能一覧（仕様） saveEvent で新しいイベントを保存し、次回取得時に含まれていること                       00:01 +10 -2: /Users/vdnih/projects/my_career_app/test/features/timeline/presentation/widgets/add_event_dialog_test.dart: AddEventDialog の機能一覧（仕様） タイトル、開始・終了年月、仕事/プライベートの選択が正しくUI入力できること              00:01 +11 -2: /Users/vdnih/projects/my_career_app/test/features/timeline/presentation/widgets/add_event_dialog_test.dart: AddEventDialog の機能一覧（仕様） タイトル、開始・終了年月、仕事/プライベートの選択が正しくUI入力できること              00:01 +12 -2: /Users/vdnih/projects/my_career_app/test/features/timeline/presentation/widgets/add_event_dialog_test.dart: AddEventDialog の機能一覧（仕様） タイトル、開始・終了年月、仕事/プライベートの選択が正しくUI入力できること              00:01 +13 -2: /Users/vdnih/projects/my_career_app/test/features/timeline/presentation/widgets/add_event_dialog_test.dart: AddEventDialog の機能一覧（仕様） タイトル、開始・終了年月、仕事/プライベートの選択が正しくUI入力できること              00:01 +14 -2: /Users/vdnih/projects/my_career_app/test/features/timeline/presentation/widgets/add_event_dialog_test.dart: AddEventDialog の機能一覧（仕様） タイトル、開始・終了年月、仕事/プライベートの選択が正しくUI入力できること              00:01 +15 -2: /Users/vdnih/projects/my_career_app/test/features/timeline/data/event_repository_test.dart: InMemoryEventRepository の機能一覧（仕様） deleteEvent で指定したイベントを削除し、次回取得時に含まれないこと                    00:01 +16 -2: /Users/vdnih/projects/my_career_app/test/features/timeline/data/event_repository_test.dart: InMemoryEventRepository の機能一覧（仕様） deleteEvent で指定したイベントを削除し、次回取得時に含まれないこと                    00:01 +17 -2: /Users/vdnih/projects/my_career_app/test/features/timeline/data/event_repository_test.dart: InMemoryEventRepository の機能一覧（仕様） deleteEvent で指定したイベントを削除し、次回取得時に含まれないこと                    00:02 +17 -2: /Users/vdnih/projects/my_career_app/test/features/timeline/data/event_repository_test.dart: InMemoryEventRepository の機能一覧（仕様） deleteEvent で指定したイベントを削除し、次回取得時に含まれないこと                    00:02 +18 -2: /Users/vdnih/projects/my_career_app/test/features/timeline/data/event_repository_test.dart: InMemoryEventRepository の機能一覧（仕様） deleteEvent で指定したイベントを削除し、次回取得時に含まれないこと                    00:02 +18 -2: Some tests failed.                                                                                                                                                                       
